Archive member included to satisfy reference by file (symbol)

c:/st/stm32cubeide_1.3.0/stm32cubeide/plugins/com.st.stm32cube.ide.mcu.externaltools.gnu-tools-for-stm32.7-2018-q2-update.win32_1.0.0.201904181610/tools/bin/../lib/gcc/arm-none-eabi/7.3.1/../../../../arm-none-eabi/lib/thumb/v7e-m/fpv4-sp/hard\libc_nano.a(lib_a-errno.o)
                              Src/syscalls.o (__errno)
c:/st/stm32cubeide_1.3.0/stm32cubeide/plugins/com.st.stm32cube.ide.mcu.externaltools.gnu-tools-for-stm32.7-2018-q2-update.win32_1.0.0.201904181610/tools/bin/../lib/gcc/arm-none-eabi/7.3.1/../../../../arm-none-eabi/lib/thumb/v7e-m/fpv4-sp/hard\libc_nano.a(lib_a-exit.o)
                              c:/st/stm32cubeide_1.3.0/stm32cubeide/plugins/com.st.stm32cube.ide.mcu.externaltools.gnu-tools-for-stm32.7-2018-q2-update.win32_1.0.0.201904181610/tools/bin/../lib/gcc/arm-none-eabi/7.3.1/../../../../arm-none-eabi/lib/thumb/v7e-m/fpv4-sp/hard/crt0.o (exit)
c:/st/stm32cubeide_1.3.0/stm32cubeide/plugins/com.st.stm32cube.ide.mcu.externaltools.gnu-tools-for-stm32.7-2018-q2-update.win32_1.0.0.201904181610/tools/bin/../lib/gcc/arm-none-eabi/7.3.1/../../../../arm-none-eabi/lib/thumb/v7e-m/fpv4-sp/hard\libc_nano.a(lib_a-impure.o)
                              c:/st/stm32cubeide_1.3.0/stm32cubeide/plugins/com.st.stm32cube.ide.mcu.externaltools.gnu-tools-for-stm32.7-2018-q2-update.win32_1.0.0.201904181610/tools/bin/../lib/gcc/arm-none-eabi/7.3.1/../../../../arm-none-eabi/lib/thumb/v7e-m/fpv4-sp/hard\libc_nano.a(lib_a-exit.o) (_global_impure_ptr)
c:/st/stm32cubeide_1.3.0/stm32cubeide/plugins/com.st.stm32cube.ide.mcu.externaltools.gnu-tools-for-stm32.7-2018-q2-update.win32_1.0.0.201904181610/tools/bin/../lib/gcc/arm-none-eabi/7.3.1/../../../../arm-none-eabi/lib/thumb/v7e-m/fpv4-sp/hard\libc_nano.a(lib_a-init.o)
                              c:/st/stm32cubeide_1.3.0/stm32cubeide/plugins/com.st.stm32cube.ide.mcu.externaltools.gnu-tools-for-stm32.7-2018-q2-update.win32_1.0.0.201904181610/tools/bin/../lib/gcc/arm-none-eabi/7.3.1/../../../../arm-none-eabi/lib/thumb/v7e-m/fpv4-sp/hard/crt0.o (__libc_init_array)
c:/st/stm32cubeide_1.3.0/stm32cubeide/plugins/com.st.stm32cube.ide.mcu.externaltools.gnu-tools-for-stm32.7-2018-q2-update.win32_1.0.0.201904181610/tools/bin/../lib/gcc/arm-none-eabi/7.3.1/../../../../arm-none-eabi/lib/thumb/v7e-m/fpv4-sp/hard\libc_nano.a(lib_a-memset.o)
                              c:/st/stm32cubeide_1.3.0/stm32cubeide/plugins/com.st.stm32cube.ide.mcu.externaltools.gnu-tools-for-stm32.7-2018-q2-update.win32_1.0.0.201904181610/tools/bin/../lib/gcc/arm-none-eabi/7.3.1/../../../../arm-none-eabi/lib/thumb/v7e-m/fpv4-sp/hard/crt0.o (memset)

Allocating common symbols
Common symbol       size              file

uwTick              0x4               Drivers/STM32G4xx_HAL_Driver/Src/stm32g4xx_hal.o
hfdcan1             0x98              Src/main.o

Discarded input sections

 .text          0x0000000000000000        0x0 c:/st/stm32cubeide_1.3.0/stm32cubeide/plugins/com.st.stm32cube.ide.mcu.externaltools.gnu-tools-for-stm32.7-2018-q2-update.win32_1.0.0.201904181610/tools/bin/../lib/gcc/arm-none-eabi/7.3.1/thumb/v7e-m/fpv4-sp/hard/crti.o
 .data          0x0000000000000000        0x0 c:/st/stm32cubeide_1.3.0/stm32cubeide/plugins/com.st.stm32cube.ide.mcu.externaltools.gnu-tools-for-stm32.7-2018-q2-update.win32_1.0.0.201904181610/tools/bin/../lib/gcc/arm-none-eabi/7.3.1/thumb/v7e-m/fpv4-sp/hard/crti.o
 .bss           0x0000000000000000        0x0 c:/st/stm32cubeide_1.3.0/stm32cubeide/plugins/com.st.stm32cube.ide.mcu.externaltools.gnu-tools-for-stm32.7-2018-q2-update.win32_1.0.0.201904181610/tools/bin/../lib/gcc/arm-none-eabi/7.3.1/thumb/v7e-m/fpv4-sp/hard/crti.o
 .data          0x0000000000000000        0x4 c:/st/stm32cubeide_1.3.0/stm32cubeide/plugins/com.st.stm32cube.ide.mcu.externaltools.gnu-tools-for-stm32.7-2018-q2-update.win32_1.0.0.201904181610/tools/bin/../lib/gcc/arm-none-eabi/7.3.1/thumb/v7e-m/fpv4-sp/hard/crtbegin.o
 .text          0x0000000000000000       0x74 c:/st/stm32cubeide_1.3.0/stm32cubeide/plugins/com.st.stm32cube.ide.mcu.externaltools.gnu-tools-for-stm32.7-2018-q2-update.win32_1.0.0.201904181610/tools/bin/../lib/gcc/arm-none-eabi/7.3.1/../../../../arm-none-eabi/lib/thumb/v7e-m/fpv4-sp/hard/crt0.o
 .data          0x0000000000000000        0x0 c:/st/stm32cubeide_1.3.0/stm32cubeide/plugins/com.st.stm32cube.ide.mcu.externaltools.gnu-tools-for-stm32.7-2018-q2-update.win32_1.0.0.201904181610/tools/bin/../lib/gcc/arm-none-eabi/7.3.1/../../../../arm-none-eabi/lib/thumb/v7e-m/fpv4-sp/hard/crt0.o
 .bss           0x0000000000000000        0x0 c:/st/stm32cubeide_1.3.0/stm32cubeide/plugins/com.st.stm32cube.ide.mcu.externaltools.gnu-tools-for-stm32.7-2018-q2-update.win32_1.0.0.201904181610/tools/bin/../lib/gcc/arm-none-eabi/7.3.1/../../../../arm-none-eabi/lib/thumb/v7e-m/fpv4-sp/hard/crt0.o
[...]
Memory Configuration

Name             Origin             Length             Attributes
RAM              0x0000000020000000 0x0000000000020000 xrw
FLASH            0x0000000008000000 0x0000000000080000 xr
*default*        0x0000000000000000 0xffffffffffffffff

Linker script and memory map

LOAD c:/st/stm32cubeide_1.3.0/stm32cubeide/plugins/com.st.stm32cube.ide.mcu.externaltools.gnu-tools-for-stm32.7-2018-q2-update.win32_1.0.0.201904181610/tools/bin/../lib/gcc/arm-none-eabi/7.3.1/thumb/v7e-m/fpv4-sp/hard/crti.o
LOAD c:/st/stm32cubeide_1.3.0/stm32cubeide/plugins/com.st.stm32cube.ide.mcu.externaltools.gnu-tools-for-stm32.7-2018-q2-update.win32_1.0.0.201904181610/tools/bin/../lib/gcc/arm-none-eabi/7.3.1/thumb/v7e-m/fpv4-sp/hard/crtbegin.o
LOAD c:/st/stm32cubeide_1.3.0/stm32cubeide/plugins/com.st.stm32cube.ide.mcu.externaltools.gnu-tools-for-stm32.7-2018-q2-update.win32_1.0.0.201904181610/tools/bin/../lib/gcc/arm-none-eabi/7.3.1/../../../../arm-none-eabi/lib/thumb/v7e-m/fpv4-sp/hard/crt0.o
LOAD Drivers/STM32G4xx_HAL_Driver/Src/stm32g4xx_hal.o
LOAD Drivers/STM32G4xx_HAL_Driver/Src/stm32g4xx_hal_cortex.o
LOAD Drivers/STM32G4xx_HAL_Driver/Src/stm32g4xx_hal_dma.o
LOAD Drivers/STM32G4xx_HAL_Driver/Src/stm32g4xx_hal_dma_ex.o
LOAD Drivers/STM32G4xx_HAL_Driver/Src/stm32g4xx_hal_exti.o
LOAD Drivers/STM32G4xx_HAL_Driver/Src/stm32g4xx_hal_fdcan.o
LOAD Drivers/STM32G4xx_HAL_Driver/Src/stm32g4xx_hal_flash.o
LOAD Drivers/STM32G4xx_HAL_Driver/Src/stm32g4xx_hal_flash_ex.o
LOAD Drivers/STM32G4xx_HAL_Driver/Src/stm32g4xx_hal_flash_ramfunc.o
LOAD Drivers/STM32G4xx_HAL_Driver/Src/stm32g4xx_hal_gpio.o
LOAD Drivers/STM32G4xx_HAL_Driver/Src/stm32g4xx_hal_pwr.o
LOAD Drivers/STM32G4xx_HAL_Driver/Src/stm32g4xx_hal_pwr_ex.o
LOAD Drivers/STM32G4xx_HAL_Driver/Src/stm32g4xx_hal_rcc.o
LOAD Drivers/STM32G4xx_HAL_Driver/Src/stm32g4xx_hal_rcc_ex.o
LOAD Drivers/STM32G4xx_HAL_Driver/Src/stm32g4xx_hal_tim.o
LOAD Drivers/STM32G4xx_HAL_Driver/Src/stm32g4xx_hal_tim_ex.o
LOAD Drivers/STM32G4xx_HAL_Driver/Src/stm32g4xx_ll_pwr.o
LOAD Src/main.o
LOAD Src/stm32g4xx_hal_msp.o
LOAD Src/stm32g4xx_it.o
LOAD Src/syscalls.o
LOAD Src/sysmem.o
LOAD Src/system_stm32g4xx.o
LOAD Startup/startup_stm32g474retx.o
START GROUP
LOAD c:/st/stm32cubeide_1.3.0/stm32cubeide/plugins/com.st.stm32cube.ide.mcu.externaltools.gnu-tools-for-stm32.7-2018-q2-update.win32_1.0.0.201904181610/tools/bin/../lib/gcc/arm-none-eabi/7.3.1/../../../../arm-none-eabi/lib/thumb/v7e-m/fpv4-sp/hard\libc_nano.a
LOAD c:/st/stm32cubeide_1.3.0/stm32cubeide/plugins/com.st.stm32cube.ide.mcu.externaltools.gnu-tools-for-stm32.7-2018-q2-update.win32_1.0.0.201904181610/tools/bin/../lib/gcc/arm-none-eabi/7.3.1/../../../../arm-none-eabi/lib/thumb/v7e-m/fpv4-sp/hard\libm.a
END GROUP
START GROUP
LOAD c:/st/stm32cubeide_1.3.0/stm32cubeide/plugins/com.st.stm32cube.ide.mcu.externaltools.gnu-tools-for-stm32.7-2018-q2-update.win32_1.0.0.201904181610/tools/bin/../lib/gcc/arm-none-eabi/7.3.1/thumb/v7e-m/fpv4-sp/hard\libgcc.a
LOAD c:/st/stm32cubeide_1.3.0/stm32cubeide/plugins/com.st.stm32cube.ide.mcu.externaltools.gnu-tools-for-stm32.7-2018-q2-update.win32_1.0.0.201904181610/tools/bin/../lib/gcc/arm-none-eabi/7.3.1/../../../../arm-none-eabi/lib/thumb/v7e-m/fpv4-sp/hard\libc_nano.a
END GROUP
START GROUP
LOAD c:/st/stm32cubeide_1.3.0/stm32cubeide/plugins/com.st.stm32cube.ide.mcu.externaltools.gnu-tools-for-stm32.7-2018-q2-update.win32_1.0.0.201904181610/tools/bin/../lib/gcc/arm-none-eabi/7.3.1/thumb/v7e-m/fpv4-sp/hard\libgcc.a
LOAD c:/st/stm32cubeide_1.3.0/stm32cubeide/plugins/com.st.stm32cube.ide.mcu.externaltools.gnu-tools-for-stm32.7-2018-q2-update.win32_1.0.0.201904181610/tools/bin/../lib/gcc/arm-none-eabi/7.3.1/../../../../arm-none-eabi/lib/thumb/v7e-m/fpv4-sp/hard\libc_nano.a
LOAD c:/st/stm32cubeide_1.3.0/stm32cubeide/plugins/com.st.stm32cube.ide.mcu.externaltools.gnu-tools-for-stm32.7-2018-q2-update.win32_1.0.0.201904181610/tools/bin/../lib/gcc/arm-none-eabi/7.3.1/../../../../arm-none-eabi/lib/thumb/v7e-m/fpv4-sp/hard\libnosys.a
END GROUP
START GROUP
LOAD c:/st/stm32cubeide_1.3.0/stm32cubeide/plugins/com.st.stm32cube.ide.mcu.externaltools.gnu-tools-for-stm32.7-2018-q2-update.win32_1.0.0.201904181610/tools/bin/../lib/gcc/arm-none-eabi/7.3.1/thumb/v7e-m/fpv4-sp/hard\libgcc.a
LOAD c:/st/stm32cubeide_1.3.0/stm32cubeide/plugins/com.st.stm32cube.ide.mcu.externaltools.gnu-tools-for-stm32.7-2018-q2-update.win32_1.0.0.201904181610/tools/bin/../lib/gcc/arm-none-eabi/7.3.1/../../../../arm-none-eabi/lib/thumb/v7e-m/fpv4-sp/hard\libc_nano.a
LOAD c:/st/stm32cubeide_1.3.0/stm32cubeide/plugins/com.st.stm32cube.ide.mcu.externaltools.gnu-tools-for-stm32.7-2018-q2-update.win32_1.0.0.201904181610/tools/bin/../lib/gcc/arm-none-eabi/7.3.1/../../../../arm-none-eabi/lib/thumb/v7e-m/fpv4-sp/hard\libnosys.a
END GROUP
LOAD c:/st/stm32cubeide_1.3.0/stm32cubeide/plugins/com.st.stm32cube.ide.mcu.externaltools.gnu-tools-for-stm32.7-2018-q2-update.win32_1.0.0.201904181610/tools/bin/../lib/gcc/arm-none-eabi/7.3.1/thumb/v7e-m/fpv4-sp/hard/crtend.o
LOAD c:/st/stm32cubeide_1.3.0/stm32cubeide/plugins/com.st.stm32cube.ide.mcu.externaltools.gnu-tools-for-stm32.7-2018-q2-update.win32_1.0.0.201904181610/tools/bin/../lib/gcc/arm-none-eabi/7.3.1/thumb/v7e-m/fpv4-sp/hard/crtn.o
                0x0000000020020000                _estack = (ORIGIN (RAM) + LENGTH (RAM))
                0x0000000000000200                _Min_Heap_Size = 0x200
                0x0000000000000400                _Min_Stack_Size = 0x400

.isr_vector     0x0000000008000000      0x1d8
                0x0000000008000000                . = ALIGN (0x4)
 *(.isr_vector)
 .isr_vector    0x0000000008000000      0x1d8 Startup/startup_stm32g474retx.o
                0x0000000008000000                g_pfnVectors
                0x00000000080001d8                . = ALIGN (0x4)

.text           0x00000000080001d8     0x2838
                0x00000000080001d8                . = ALIGN (0x4)
 *(.text)
 .text          0x00000000080001d8       0x40 c:/st/stm32cubeide_1.3.0/stm32cubeide/plugins/com.st.stm32cube.ide.mcu.externaltools.gnu-tools-for-stm32.7-2018-q2-update.win32_1.0.0.201904181610/tools/bin/../lib/gcc/arm-none-eabi/7.3.1/thumb/v7e-m/fpv4-sp/hard/crtbegin.o
 *(.text*)
 .text.HAL_Init
                0x0000000008000218       0x30 Drivers/STM32G4xx_HAL_Driver/Src/stm32g4xx_hal.o
                0x0000000008000218                HAL_Init
 .text.HAL_InitTick
                0x0000000008000248       0x74 Drivers/STM32G4xx_HAL_Driver/Src/stm32g4xx_hal.o
                0x0000000008000248                HAL_InitTick
 .text.HAL_IncTick
                0x00000000080002bc       0x24 Drivers/STM32G4xx_HAL_Driver/Src/stm32g4xx_hal.o
                0x00000000080002bc                HAL_IncTick
 .text.HAL_GetTick
                0x00000000080002e0       0x18 Drivers/STM32G4xx_HAL_Driver/Src/stm32g4xx_hal.o
                0x00000000080002e0                HAL_GetTick
 .text.__NVIC_SetPriorityGrouping
                0x00000000080002f8       0x48 Drivers/STM32G4xx_HAL_Driver/Src/stm32g4xx_hal_cortex.o
 .text.__NVIC_GetPriorityGrouping
                0x0000000008000340       0x1c Drivers/STM32G4xx_HAL_Driver/Src/stm32g4xx_hal_cortex.o
 .text.__NVIC_EnableIRQ
                0x000000000800035c       0x3c Drivers/STM32G4xx_HAL_Driver/Src/stm32g4xx_hal_cortex.o
 .text.__NVIC_SetPriority
                0x0000000008000398       0x54 Drivers/STM32G4xx_HAL_Driver/Src/stm32g4xx_hal_cortex.o
 .text.NVIC_EncodePriority
                0x00000000080003ec       0x66 Drivers/STM32G4xx_HAL_Driver/Src/stm32g4xx_hal_cortex.o
 *fill*         0x0000000008000452        0x2 
 .text.SysTick_Config
                0x0000000008000454       0x44 Drivers/STM32G4xx_HAL_Driver/Src/stm32g4xx_hal_cortex.o
 .text.HAL_NVIC_SetPriorityGrouping
                0x0000000008000498       0x16 Drivers/STM32G4xx_HAL_Driver/Src/stm32g4xx_hal_cortex.o
                0x0000000008000498                HAL_NVIC_SetPriorityGrouping
 .text.HAL_NVIC_SetPriority
                0x00000000080004ae       0x34 Drivers/STM32G4xx_HAL_Driver/Src/stm32g4xx_hal_cortex.o
                0x00000000080004ae                HAL_NVIC_SetPriority
 .text.HAL_NVIC_EnableIRQ
                0x00000000080004e2       0x1c Drivers/STM32G4xx_HAL_Driver/Src/stm32g4xx_hal_cortex.o
                0x00000000080004e2                HAL_NVIC_EnableIRQ
 .text.HAL_SYSTICK_Config
                0x00000000080004fe       0x18 Drivers/STM32G4xx_HAL_Driver/Src/stm32g4xx_hal_cortex.o
                0x00000000080004fe                HAL_SYSTICK_Config
 *fill*         0x0000000008000516        0x2 
 .text.HAL_FDCAN_Init
                0x0000000008000518      0x344 Drivers/STM32G4xx_HAL_Driver/Src/stm32g4xx_hal_fdcan.o
                0x0000000008000518                HAL_FDCAN_Init
 .text.HAL_FDCAN_RegisterRxFifo0Callback
                0x000000000800085c       0x56 Drivers/STM32G4xx_HAL_Driver/Src/stm32g4xx_hal_fdcan.o
                0x000000000800085c                HAL_FDCAN_RegisterRxFifo0Callback
 .text.HAL_FDCAN_Start
                0x00000000080008b2       0x50 Drivers/STM32G4xx_HAL_Driver/Src/stm32g4xx_hal_fdcan.o
                0x00000000080008b2                HAL_FDCAN_Start
 .text.HAL_FDCAN_AddMessageToTxFifoQ
                0x0000000008000902       0x88 Drivers/STM32G4xx_HAL_Driver/Src/stm32g4xx_hal_fdcan.o
                0x0000000008000902                HAL_FDCAN_AddMessageToTxFifoQ
 *fill*         0x000000000800098a        0x2 
 .text.HAL_FDCAN_GetRxMessage
                0x000000000800098c      0x1b4 Drivers/STM32G4xx_HAL_Driver/Src/stm32g4xx_hal_fdcan.o
                0x000000000800098c                HAL_FDCAN_GetRxMessage
 .text.HAL_FDCAN_GetRxFifoFillLevel
                0x0000000008000b40       0x3c Drivers/STM32G4xx_HAL_Driver/Src/stm32g4xx_hal_fdcan.o
                0x0000000008000b40                HAL_FDCAN_GetRxFifoFillLevel
 .text.HAL_FDCAN_ActivateNotification
                0x0000000008000b7c      0x1cc Drivers/STM32G4xx_HAL_Driver/Src/stm32g4xx_hal_fdcan.o
                0x0000000008000b7c                HAL_FDCAN_ActivateNotification
 .text.HAL_FDCAN_IRQHandler
                0x0000000008000d48      0x290 Drivers/STM32G4xx_HAL_Driver/Src/stm32g4xx_hal_fdcan.o
                0x0000000008000d48                HAL_FDCAN_IRQHandler
 .text.HAL_FDCAN_TxEventFifoCallback
                0x0000000008000fd8       0x16 Drivers/STM32G4xx_HAL_Driver/Src/stm32g4xx_hal_fdcan.o
                0x0000000008000fd8                HAL_FDCAN_TxEventFifoCallback
 .text.HAL_FDCAN_RxFifo0Callback
                0x0000000008000fee       0x16 Drivers/STM32G4xx_HAL_Driver/Src/stm32g4xx_hal_fdcan.o
                0x0000000008000fee                HAL_FDCAN_RxFifo0Callback
 .text.HAL_FDCAN_RxFifo1Callback
                0x0000000008001004       0x16 Drivers/STM32G4xx_HAL_Driver/Src/stm32g4xx_hal_fdcan.o
                0x0000000008001004                HAL_FDCAN_RxFifo1Callback
 .text.HAL_FDCAN_TxFifoEmptyCallback
                0x000000000800101a       0x14 Drivers/STM32G4xx_HAL_Driver/Src/stm32g4xx_hal_fdcan.o
                0x000000000800101a                HAL_FDCAN_TxFifoEmptyCallback
 .text.HAL_FDCAN_TxBufferCompleteCallback
                0x000000000800102e       0x16 Drivers/STM32G4xx_HAL_Driver/Src/stm32g4xx_hal_fdcan.o
                0x000000000800102e                HAL_FDCAN_TxBufferCompleteCallback
 .text.HAL_FDCAN_TxBufferAbortCallback
                0x0000000008001044       0x16 Drivers/STM32G4xx_HAL_Driver/Src/stm32g4xx_hal_fdcan.o
                0x0000000008001044                HAL_FDCAN_TxBufferAbortCallback
 .text.HAL_FDCAN_TimestampWraparoundCallback
                0x000000000800105a       0x14 Drivers/STM32G4xx_HAL_Driver/Src/stm32g4xx_hal_fdcan.o
                0x000000000800105a                HAL_FDCAN_TimestampWraparoundCallback
 .text.HAL_FDCAN_TimeoutOccurredCallback
                0x000000000800106e       0x14 Drivers/STM32G4xx_HAL_Driver/Src/stm32g4xx_hal_fdcan.o
                0x000000000800106e                HAL_FDCAN_TimeoutOccurredCallback
 .text.HAL_FDCAN_HighPriorityMessageCallback
                0x0000000008001082       0x14 Drivers/STM32G4xx_HAL_Driver/Src/stm32g4xx_hal_fdcan.o
                0x0000000008001082                HAL_FDCAN_HighPriorityMessageCallback
 .text.HAL_FDCAN_ErrorCallback
                0x0000000008001096       0x14 Drivers/STM32G4xx_HAL_Driver/Src/stm32g4xx_hal_fdcan.o
                0x0000000008001096                HAL_FDCAN_ErrorCallback
 .text.HAL_FDCAN_ErrorStatusCallback
                0x00000000080010aa       0x16 Drivers/STM32G4xx_HAL_Driver/Src/stm32g4xx_hal_fdcan.o
                0x00000000080010aa                HAL_FDCAN_ErrorStatusCallback
 .text.FDCAN_CalcultateRamBlockAddresses
                0x00000000080010c0       0xd8 Drivers/STM32G4xx_HAL_Driver/Src/stm32g4xx_hal_fdcan.o
 .text.FDCAN_CopyMessageToRAM
                0x0000000008001198       0xf8 Drivers/STM32G4xx_HAL_Driver/Src/stm32g4xx_hal_fdcan.o
 .text.HAL_GPIO_Init
                0x0000000008001290      0x304 Drivers/STM32G4xx_HAL_Driver/Src/stm32g4xx_hal_gpio.o
                0x0000000008001290                HAL_GPIO_Init
 .text.HAL_PWREx_ControlVoltageScaling
                0x0000000008001594      0x148 Drivers/STM32G4xx_HAL_Driver/Src/stm32g4xx_hal_pwr_ex.o
                0x0000000008001594                HAL_PWREx_ControlVoltageScaling
 .text.HAL_RCC_OscConfig
                0x00000000080016dc      0x630 Drivers/STM32G4xx_HAL_Driver/Src/stm32g4xx_hal_rcc.o
                0x00000000080016dc                HAL_RCC_OscConfig
 .text.HAL_RCC_ClockConfig
                0x0000000008001d0c      0x278 Drivers/STM32G4xx_HAL_Driver/Src/stm32g4xx_hal_rcc.o
                0x0000000008001d0c                HAL_RCC_ClockConfig
 .text.HAL_RCC_GetSysClockFreq
                0x0000000008001f84       0xc4 Drivers/STM32G4xx_HAL_Driver/Src/stm32g4xx_hal_rcc.o
                0x0000000008001f84                HAL_RCC_GetSysClockFreq
 .text.RCC_GetSysClockFreqFromPLLSource
                0x0000000008002048       0x8c Drivers/STM32G4xx_HAL_Driver/Src/stm32g4xx_hal_rcc.o
 .text.HAL_RCCEx_PeriphCLKConfig
                0x00000000080020d4      0x498 Drivers/STM32G4xx_HAL_Driver/Src/stm32g4xx_hal_rcc_ex.o
                0x00000000080020d4                HAL_RCCEx_PeriphCLKConfig
 .text.CANCallbackRx
                0x000000000800256c       0x38 Src/main.o
                0x000000000800256c                CANCallbackRx
 .text.main     0x00000000080025a4       0x6c Src/main.o
                0x00000000080025a4                main
 .text.SystemClock_Config
                0x0000000008002610       0xb0 Src/main.o
                0x0000000008002610                SystemClock_Config
 .text.MX_FDCAN1_Init
                0x00000000080026c0       0x8c Src/main.o
 .text.MX_GPIO_Init
                0x000000000800274c       0x30 Src/main.o
 .text.Error_Handler
                0x000000000800277c        0xe Src/main.o
                0x000000000800277c                Error_Handler
 *fill*         0x000000000800278a        0x2 
 .text.LL_PWR_DisableUCPDDeadBattery
                0x000000000800278c       0x20 Src/stm32g4xx_hal_msp.o
 .text.HAL_MspInit
                0x00000000080027ac       0x48 Src/stm32g4xx_hal_msp.o
                0x00000000080027ac                HAL_MspInit
 .text.HAL_FDCAN_MspInit
                0x00000000080027f4       0xa8 Src/stm32g4xx_hal_msp.o
                0x00000000080027f4                HAL_FDCAN_MspInit
 .text.NMI_Handler
                0x000000000800289c        0xe Src/stm32g4xx_it.o
                0x000000000800289c                NMI_Handler
 .text.HardFault_Handler
                0x00000000080028aa        0x6 Src/stm32g4xx_it.o
                0x00000000080028aa                HardFault_Handler
 .text.MemManage_Handler
                0x00000000080028b0        0x6 Src/stm32g4xx_it.o
                0x00000000080028b0                MemManage_Handler
 .text.BusFault_Handler
                0x00000000080028b6        0x6 Src/stm32g4xx_it.o
                0x00000000080028b6                BusFault_Handler
 .text.UsageFault_Handler
                0x00000000080028bc        0x6 Src/stm32g4xx_it.o
                0x00000000080028bc                UsageFault_Handler
 .text.SVC_Handler
                0x00000000080028c2        0xe Src/stm32g4xx_it.o
                0x00000000080028c2                SVC_Handler
 .text.DebugMon_Handler
                0x00000000080028d0        0xe Src/stm32g4xx_it.o
                0x00000000080028d0                DebugMon_Handler
 .text.PendSV_Handler
                0x00000000080028de        0xe Src/stm32g4xx_it.o
                0x00000000080028de                PendSV_Handler
 .text.SysTick_Handler
                0x00000000080028ec        0xc Src/stm32g4xx_it.o
                0x00000000080028ec                SysTick_Handler
 .text.FDCAN1_IT0_IRQHandler
                0x00000000080028f8       0x14 Src/stm32g4xx_it.o
                0x00000000080028f8                FDCAN1_IT0_IRQHandler
 .text.FDCAN1_IT1_IRQHandler
                0x000000000800290c       0x14 Src/stm32g4xx_it.o
                0x000000000800290c                FDCAN1_IT1_IRQHandler
 .text.SystemInit
                0x0000000008002920       0x2c Src/system_stm32g4xx.o
                0x0000000008002920                SystemInit
 .text.Reset_Handler
                0x000000000800294c       0x50 Startup/startup_stm32g474retx.o
                0x000000000800294c                Reset_Handler
 .text.Default_Handler
                0x000000000800299c        0x2 Startup/startup_stm32g474retx.o
                0x000000000800299c                RTC_Alarm_IRQHandler
                0x000000000800299c                EXTI2_IRQHandler
                0x000000000800299c                TIM8_TRG_COM_IRQHandler
                0x000000000800299c                TIM8_CC_IRQHandler
                0x000000000800299c                HRTIM1_Master_IRQHandler
                0x000000000800299c                SPI4_IRQHandler
                0x000000000800299c                FDCAN3_IT0_IRQHandler
                0x000000000800299c                TIM1_CC_IRQHandler
                0x000000000800299c                HRTIM1_FLT_IRQHandler
                0x000000000800299c                HRTIM1_TIMF_IRQHandler
                0x000000000800299c                USB_HP_IRQHandler
                0x000000000800299c                CORDIC_IRQHandler
                0x000000000800299c                HRTIM1_TIMD_IRQHandler
                0x000000000800299c                DMA2_Channel8_IRQHandler
                0x000000000800299c                EXTI3_IRQHandler
                0x000000000800299c                I2C3_ER_IRQHandler
                0x000000000800299c                EXTI0_IRQHandler
                0x000000000800299c                I2C2_EV_IRQHandler
                0x000000000800299c                FPU_IRQHandler
                0x000000000800299c                TIM1_UP_TIM16_IRQHandler
                0x000000000800299c                ADC1_2_IRQHandler
                0x000000000800299c                HRTIM1_TIME_IRQHandler
                0x000000000800299c                SPI1_IRQHandler
                0x000000000800299c                TIM6_DAC_IRQHandler
                0x000000000800299c                HRTIM1_TIMC_IRQHandler
                0x000000000800299c                TIM8_UP_IRQHandler
                0x000000000800299c                DMA2_Channel2_IRQHandler
                0x000000000800299c                DMA1_Channel4_IRQHandler
                0x000000000800299c                TIM20_TRG_COM_IRQHandler
                0x000000000800299c                USART3_IRQHandler
                0x000000000800299c                DMA1_Channel7_IRQHandler
                0x000000000800299c                UART5_IRQHandler
                0x000000000800299c                ADC3_IRQHandler
                0x000000000800299c                TIM4_IRQHandler
                0x000000000800299c                DMA2_Channel1_IRQHandler
                0x000000000800299c                QUADSPI_IRQHandler
                0x000000000800299c                I2C1_EV_IRQHandler
                0x000000000800299c                DMA1_Channel6_IRQHandler
                0x000000000800299c                UART4_IRQHandler
                0x000000000800299c                DMA2_Channel4_IRQHandler
                0x000000000800299c                TIM3_IRQHandler
                0x000000000800299c                RCC_IRQHandler
                0x000000000800299c                TIM20_UP_IRQHandler
                0x000000000800299c                DMA1_Channel1_IRQHandler
                0x000000000800299c                Default_Handler
                0x000000000800299c                DMA2_Channel7_IRQHandler
                0x000000000800299c                RTC_TAMP_LSECSS_IRQHandler
                0x000000000800299c                FMAC_IRQHandler
                0x000000000800299c                EXTI15_10_IRQHandler
                0x000000000800299c                DMA1_Channel8_IRQHandler
                0x000000000800299c                HRTIM1_TIMA_IRQHandler
                0x000000000800299c                TIM7_DAC_IRQHandler
                0x000000000800299c                FDCAN3_IT1_IRQHandler
                0x000000000800299c                TIM5_IRQHandler
                0x000000000800299c                UCPD1_IRQHandler
                0x000000000800299c                I2C3_EV_IRQHandler
                0x000000000800299c                EXTI9_5_IRQHandler
                0x000000000800299c                RTC_WKUP_IRQHandler
                0x000000000800299c                PVD_PVM_IRQHandler
                0x000000000800299c                SPI2_IRQHandler
                0x000000000800299c                ADC5_IRQHandler
                0x000000000800299c                DMA2_Channel5_IRQHandler
                0x000000000800299c                CRS_IRQHandler
                0x000000000800299c                DMA1_Channel5_IRQHandler
                0x000000000800299c                USB_LP_IRQHandler
                0x000000000800299c                EXTI4_IRQHandler
                0x000000000800299c                RNG_IRQHandler
                0x000000000800299c                HRTIM1_TIMB_IRQHandler
                0x000000000800299c                TIM1_TRG_COM_TIM17_IRQHandler
                0x000000000800299c                FDCAN2_IT1_IRQHandler
                0x000000000800299c                DMA1_Channel3_IRQHandler
                0x000000000800299c                ADC4_IRQHandler
                0x000000000800299c                WWDG_IRQHandler
                0x000000000800299c                I2C4_EV_IRQHandler
                0x000000000800299c                FDCAN2_IT0_IRQHandler
                0x000000000800299c                LPUART1_IRQHandler
                0x000000000800299c                DMA2_Channel6_IRQHandler
                0x000000000800299c                TIM2_IRQHandler
                0x000000000800299c                COMP7_IRQHandler
                0x000000000800299c                COMP1_2_3_IRQHandler
                0x000000000800299c                EXTI1_IRQHandler
                0x000000000800299c                USART2_IRQHandler
                0x000000000800299c                COMP4_5_6_IRQHandler
                0x000000000800299c                TIM20_BRK_IRQHandler
                0x000000000800299c                I2C2_ER_IRQHandler
                0x000000000800299c                DMA1_Channel2_IRQHandler
                0x000000000800299c                TIM8_BRK_IRQHandler
                0x000000000800299c                FLASH_IRQHandler
                0x000000000800299c                TIM20_CC_IRQHandler
                0x000000000800299c                USART1_IRQHandler
                0x000000000800299c                SPI3_IRQHandler
                0x000000000800299c                I2C1_ER_IRQHandler
                0x000000000800299c                FMC_IRQHandler
                0x000000000800299c                LPTIM1_IRQHandler
                0x000000000800299c                DMAMUX_OVR_IRQHandler
                0x000000000800299c                I2C4_ER_IRQHandler
                0x000000000800299c                USBWakeUp_IRQHandler
                0x000000000800299c                SAI1_IRQHandler
                0x000000000800299c                DMA2_Channel3_IRQHandler
                0x000000000800299c                TIM1_BRK_TIM15_IRQHandler
 *fill*         0x000000000800299e        0x2 
 .text.__libc_init_array
                0x00000000080029a0       0x48 c:/st/stm32cubeide_1.3.0/stm32cubeide/plugins/com.st.stm32cube.ide.mcu.externaltools.gnu-tools-for-stm32.7-2018-q2-update.win32_1.0.0.201904181610/tools/bin/../lib/gcc/arm-none-eabi/7.3.1/../../../../arm-none-eabi/lib/thumb/v7e-m/fpv4-sp/hard\libc_nano.a(lib_a-init.o)
                0x00000000080029a0                __libc_init_array
 .text.memset   0x00000000080029e8       0x10 c:/st/stm32cubeide_1.3.0/stm32cubeide/plugins/com.st.stm32cube.ide.mcu.externaltools.gnu-tools-for-stm32.7-2018-q2-update.win32_1.0.0.201904181610/tools/bin/../lib/gcc/arm-none-eabi/7.3.1/../../../../arm-none-eabi/lib/thumb/v7e-m/fpv4-sp/hard\libc_nano.a(lib_a-memset.o)
                0x00000000080029e8                memset
 *(.glue_7)
 .glue_7        0x00000000080029f8        0x0 linker stubs
 *(.glue_7t)
 .glue_7t       0x00000000080029f8        0x0 linker stubs
 *(.eh_frame)
 .eh_frame      0x00000000080029f8        0x0 c:/st/stm32cubeide_1.3.0/stm32cubeide/plugins/com.st.stm32cube.ide.mcu.externaltools.gnu-tools-for-stm32.7-2018-q2-update.win32_1.0.0.201904181610/tools/bin/../lib/gcc/arm-none-eabi/7.3.1/thumb/v7e-m/fpv4-sp/hard/crtbegin.o
 *(.init)
 .init          0x00000000080029f8        0x4 c:/st/stm32cubeide_1.3.0/stm32cubeide/plugins/com.st.stm32cube.ide.mcu.externaltools.gnu-tools-for-stm32.7-2018-q2-update.win32_1.0.0.201904181610/tools/bin/../lib/gcc/arm-none-eabi/7.3.1/thumb/v7e-m/fpv4-sp/hard/crti.o
                0x00000000080029f8                _init
 .init          0x00000000080029fc        0x8 c:/st/stm32cubeide_1.3.0/stm32cubeide/plugins/com.st.stm32cube.ide.mcu.externaltools.gnu-tools-for-stm32.7-2018-q2-update.win32_1.0.0.201904181610/tools/bin/../lib/gcc/arm-none-eabi/7.3.1/thumb/v7e-m/fpv4-sp/hard/crtn.o
 *(.fini)
 .fini          0x0000000008002a04        0x4 c:/st/stm32cubeide_1.3.0/stm32cubeide/plugins/com.st.stm32cube.ide.mcu.externaltools.gnu-tools-for-stm32.7-2018-q2-update.win32_1.0.0.201904181610/tools/bin/../lib/gcc/arm-none-eabi/7.3.1/thumb/v7e-m/fpv4-sp/hard/crti.o
                0x0000000008002a04                _fini
 .fini          0x0000000008002a08        0x8 c:/st/stm32cubeide_1.3.0/stm32cubeide/plugins/com.st.stm32cube.ide.mcu.externaltools.gnu-tools-for-stm32.7-2018-q2-update.win32_1.0.0.201904181610/tools/bin/../lib/gcc/arm-none-eabi/7.3.1/thumb/v7e-m/fpv4-sp/hard/crtn.o
                0x0000000008002a10                . = ALIGN (0x4)
                0x0000000008002a10                _etext = .

.vfp11_veneer   0x0000000008002a10        0x0
 .vfp11_veneer  0x0000000008002a10        0x0 linker stubs

.v4_bx          0x0000000008002a10        0x0
 .v4_bx         0x0000000008002a10        0x0 linker stubs

.iplt           0x0000000008002a10        0x0
 .iplt          0x0000000008002a10        0x0 c:/st/stm32cubeide_1.3.0/stm32cubeide/plugins/com.st.stm32cube.ide.mcu.externaltools.gnu-tools-for-stm32.7-2018-q2-update.win32_1.0.0.201904181610/tools/bin/../lib/gcc/arm-none-eabi/7.3.1/thumb/v7e-m/fpv4-sp/hard/crtbegin.o

.rodata         0x0000000008002a10       0x20
                0x0000000008002a10                . = ALIGN (0x4)
 *(.rodata)
 *(.rodata*)
 .rodata.DLCtoBytes
                0x0000000008002a10       0x10 Drivers/STM32G4xx_HAL_Driver/Src/stm32g4xx_hal_fdcan.o
 .rodata.AHBPrescTable
                0x0000000008002a20       0x10 Src/system_stm32g4xx.o
                0x0000000008002a20                AHBPrescTable
                0x0000000008002a30                . = ALIGN (0x4)

.rel.dyn        0x0000000008002a30        0x0
 .rel.iplt      0x0000000008002a30        0x0 c:/st/stm32cubeide_1.3.0/stm32cubeide/plugins/com.st.stm32cube.ide.mcu.externaltools.gnu-tools-for-stm32.7-2018-q2-update.win32_1.0.0.201904181610/tools/bin/../lib/gcc/arm-none-eabi/7.3.1/thumb/v7e-m/fpv4-sp/hard/crtbegin.o

.ARM.extab      0x0000000008002a30        0x0
                0x0000000008002a30                . = ALIGN (0x4)
 *(.ARM.extab* .gnu.linkonce.armextab.*)
                0x0000000008002a30                . = ALIGN (0x4)

.ARM            0x0000000008002a30        0x0
                0x0000000008002a30                . = ALIGN (0x4)
                0x0000000008002a30                __exidx_start = .
 *(.ARM.exidx*)
                0x0000000008002a30                __exidx_end = .
                0x0000000008002a30                . = ALIGN (0x4)

.preinit_array  0x0000000008002a30        0x0
                0x0000000008002a30                . = ALIGN (0x4)
                0x0000000008002a30                PROVIDE (__preinit_array_start = .)
 *(.preinit_array*)
                0x0000000008002a30                PROVIDE (__preinit_array_end = .)
                0x0000000008002a30                . = ALIGN (0x4)

.init_array     0x0000000008002a30        0x4
                0x0000000008002a30                . = ALIGN (0x4)
                0x0000000008002a30                PROVIDE (__init_array_start = .)
 *(SORT_BY_NAME(.init_array.*))
 *(.init_array*)
 .init_array    0x0000000008002a30        0x4 c:/st/stm32cubeide_1.3.0/stm32cubeide/plugins/com.st.stm32cube.ide.mcu.externaltools.gnu-tools-for-stm32.7-2018-q2-update.win32_1.0.0.201904181610/tools/bin/../lib/gcc/arm-none-eabi/7.3.1/thumb/v7e-m/fpv4-sp/hard/crtbegin.o
                0x0000000008002a34                PROVIDE (__init_array_end = .)
                0x0000000008002a34                . = ALIGN (0x4)

.fini_array     0x0000000008002a34        0x4
                0x0000000008002a34                . = ALIGN (0x4)
                [!provide]                        PROVIDE (__fini_array_start = .)
 *(SORT_BY_NAME(.fini_array.*))
 *(.fini_array*)
 .fini_array    0x0000000008002a34        0x4 c:/st/stm32cubeide_1.3.0/stm32cubeide/plugins/com.st.stm32cube.ide.mcu.externaltools.gnu-tools-for-stm32.7-2018-q2-update.win32_1.0.0.201904181610/tools/bin/../lib/gcc/arm-none-eabi/7.3.1/thumb/v7e-m/fpv4-sp/hard/crtbegin.o
                [!provide]                        PROVIDE (__fini_array_end = .)
                0x0000000008002a38                . = ALIGN (0x4)
                0x0000000008002a38                _sidata = LOADADDR (.data)

.data           0x0000000020000000        0xc load address 0x0000000008002a38
                0x0000000020000000                . = ALIGN (0x4)
                0x0000000020000000                _sdata = .
 *(.data)
 *(.data*)
 .data.uwTickPrio
                0x0000000020000000        0x4 Drivers/STM32G4xx_HAL_Driver/Src/stm32g4xx_hal.o
                0x0000000020000000                uwTickPrio
 .data.uwTickFreq
                0x0000000020000004        0x4 Drivers/STM32G4xx_HAL_Driver/Src/stm32g4xx_hal.o
                0x0000000020000004                uwTickFreq
 .data.SystemCoreClock
                0x0000000020000008        0x4 Src/system_stm32g4xx.o
                0x0000000020000008                SystemCoreClock
                0x000000002000000c                . = ALIGN (0x4)
                0x000000002000000c                _edata = .

.igot.plt       0x000000002000000c        0x0 load address 0x0000000008002a44
 .igot.plt      0x000000002000000c        0x0 c:/st/stm32cubeide_1.3.0/stm32cubeide/plugins/com.st.stm32cube.ide.mcu.externaltools.gnu-tools-for-stm32.7-2018-q2-update.win32_1.0.0.201904181610/tools/bin/../lib/gcc/arm-none-eabi/7.3.1/thumb/v7e-m/fpv4-sp/hard/crtbegin.o
                0x000000002000000c                . = ALIGN (0x4)

.bss            0x000000002000000c       0xb8 load address 0x0000000008002a44
                0x000000002000000c                _sbss = .
                0x000000002000000c                __bss_start__ = _sbss
 *(.bss)
 .bss           0x000000002000000c       0x1c c:/st/stm32cubeide_1.3.0/stm32cubeide/plugins/com.st.stm32cube.ide.mcu.externaltools.gnu-tools-for-stm32.7-2018-q2-update.win32_1.0.0.201904181610/tools/bin/../lib/gcc/arm-none-eabi/7.3.1/thumb/v7e-m/fpv4-sp/hard/crtbegin.o
 *(.bss*)
 *(COMMON)
 COMMON         0x0000000020000028        0x4 Drivers/STM32G4xx_HAL_Driver/Src/stm32g4xx_hal.o
                0x0000000020000028                uwTick
 COMMON         0x000000002000002c       0x98 Src/main.o
                0x000000002000002c                hfdcan1
                0x00000000200000c4                . = ALIGN (0x4)
                0x00000000200000c4                _ebss = .
                0x00000000200000c4                __bss_end__ = _ebss

._user_heap_stack
                0x00000000200000c4      0x604 load address 0x0000000008002a44
                0x00000000200000c8                . = ALIGN (0x8)
 *fill*         0x00000000200000c4        0x4 
                0x00000000200000c8                PROVIDE (end = .)
                [!provide]                        PROVIDE (_end = .)
                0x00000000200002c8                . = (. + _Min_Heap_Size)
 *fill*         0x00000000200000c8      0x200 
                0x00000000200006c8                . = (. + _Min_Stack_Size)
 *fill*         0x00000000200002c8      0x400 
                0x00000000200006c8                . = ALIGN (0x8)

/DISCARD/
 libc.a(*)
 libm.a(*)
 libgcc.a(*)

.ARM.attributes
                0x0000000000000000       0x30
 *(.ARM.attributes)
 .ARM.attributes
                0x0000000000000000       0x22 c:/st/stm32cubeide_1.3.0/stm32cubeide/plugins/com.st.stm32cube.ide.mcu.externaltools.gnu-tools-for-stm32.7-2018-q2-update.win32_1.0.0.201904181610/tools/bin/../lib/gcc/arm-none-eabi/7.3.1/thumb/v7e-m/fpv4-sp/hard/crti.o
 .ARM.attributes
                0x0000000000000022       0x34 c:/st/stm32cubeide_1.3.0/stm32cubeide/plugins/com.st.stm32cube.ide.mcu.externaltools.gnu-tools-for-stm32.7-2018-q2-update.win32_1.0.0.201904181610/tools/bin/../lib/gcc/arm-none-eabi/7.3.1/thumb/v7e-m/fpv4-sp/hard/crtbegin.o
 .ARM.attributes
                0x0000000000000056       0x39 Drivers/STM32G4xx_HAL_Driver/Src/stm32g4xx_hal.o
 .ARM.attributes
                0x000000000000008f       0x39 Drivers/STM32G4xx_HAL_Driver/Src/stm32g4xx_hal_cortex.o
 .ARM.attributes
                0x00000000000000c8       0x39 Drivers/STM32G4xx_HAL_Driver/Src/stm32g4xx_hal_fdcan.o
 .ARM.attributes
                0x0000000000000101       0x39 Drivers/STM32G4xx_HAL_Driver/Src/stm32g4xx_hal_gpio.o
 .ARM.attributes
                0x000000000000013a       0x39 Drivers/STM32G4xx_HAL_Driver/Src/stm32g4xx_hal_pwr_ex.o
 .ARM.attributes
                0x0000000000000173       0x39 Drivers/STM32G4xx_HAL_Driver/Src/stm32g4xx_hal_rcc.o
 .ARM.attributes
                0x00000000000001ac       0x39 Drivers/STM32G4xx_HAL_Driver/Src/stm32g4xx_hal_rcc_ex.o
 .ARM.attributes
                0x00000000000001e5       0x39 Src/main.o
 .ARM.attributes
                0x000000000000021e       0x39 Src/stm32g4xx_hal_msp.o
 .ARM.attributes
                0x0000000000000257       0x39 Src/stm32g4xx_it.o
 .ARM.attributes
                0x0000000000000290       0x39 Src/system_stm32g4xx.o
 .ARM.attributes
                0x00000000000002c9       0x21 Startup/startup_stm32g474retx.o
 .ARM.attributes
                0x00000000000002ea       0x34 c:/st/stm32cubeide_1.3.0/stm32cubeide/plugins/com.st.stm32cube.ide.mcu.externaltools.gnu-tools-for-stm32.7-2018-q2-update.win32_1.0.0.201904181610/tools/bin/../lib/gcc/arm-none-eabi/7.3.1/../../../../arm-none-eabi/lib/thumb/v7e-m/fpv4-sp/hard\libc_nano.a(lib_a-init.o)
 .ARM.attributes
                0x000000000000031e       0x34 c:/st/stm32cubeide_1.3.0/stm32cubeide/plugins/com.st.stm32cube.ide.mcu.externaltools.gnu-tools-for-stm32.7-2018-q2-update.win32_1.0.0.201904181610/tools/bin/../lib/gcc/arm-none-eabi/7.3.1/../../../../arm-none-eabi/lib/thumb/v7e-m/fpv4-sp/hard\libc_nano.a(lib_a-memset.o)
 .ARM.attributes
                0x0000000000000352       0x22 c:/st/stm32cubeide_1.3.0/stm32cubeide/plugins/com.st.stm32cube.ide.mcu.externaltools.gnu-tools-for-stm32.7-2018-q2-update.win32_1.0.0.201904181610/tools/bin/../lib/gcc/arm-none-eabi/7.3.1/thumb/v7e-m/fpv4-sp/hard/crtn.o
OUTPUT(cantest2.elf elf32-littlearm)

.debug_info     0x0000000000000000     0x9eaf
 .debug_info    0x0000000000000000      0xc64 Drivers/STM32G4xx_HAL_Driver/Src/stm32g4xx_hal.o
 .debug_info    0x0000000000000c64      0xf75 Drivers/STM32G4xx_HAL_Driver/Src/stm32g4xx_hal_cortex.o
 .debug_info    0x0000000000001bd9     0x1ea9 Drivers/STM32G4xx_HAL_Driver/Src/stm32g4xx_hal_fdcan.o
 .debug_info    0x0000000000003a82      0x969 Drivers/STM32G4xx_HAL_Driver/Src/stm32g4xx_hal_gpio.o
 .debug_info    0x00000000000043eb      0xa9c Drivers/STM32G4xx_HAL_Driver/Src/stm32g4xx_hal_pwr_ex.o
 .debug_info    0x0000000000004e87      0xd03 Drivers/STM32G4xx_HAL_Driver/Src/stm32g4xx_hal_rcc.o
 .debug_info    0x0000000000005b8a      0xdc2 Drivers/STM32G4xx_HAL_Driver/Src/stm32g4xx_hal_rcc_ex.o
 .debug_info    0x000000000000694c     0x1674 Src/main.o
 .debug_info    0x0000000000007fc0      0xfba Src/stm32g4xx_hal_msp.o
 .debug_info    0x0000000000008f7a      0x864 Src/stm32g4xx_it.o
 .debug_info    0x00000000000097de      0x6af Src/system_stm32g4xx.o
 .debug_info    0x0000000000009e8d       0x22 Startup/startup_stm32g474retx.o

.debug_abbrev   0x0000000000000000     0x155d
 .debug_abbrev  0x0000000000000000      0x1fb Drivers/STM32G4xx_HAL_Driver/Src/stm32g4xx_hal.o
 .debug_abbrev  0x00000000000001fb      0x2f1 Drivers/STM32G4xx_HAL_Driver/Src/stm32g4xx_hal_cortex.o
 .debug_abbrev  0x00000000000004ec      0x1ee Drivers/STM32G4xx_HAL_Driver/Src/stm32g4xx_hal_fdcan.o
 .debug_abbrev  0x00000000000006da      0x1c0 Drivers/STM32G4xx_HAL_Driver/Src/stm32g4xx_hal_gpio.o
 .debug_abbrev  0x000000000000089a      0x1fd Drivers/STM32G4xx_HAL_Driver/Src/stm32g4xx_hal_pwr_ex.o
 .debug_abbrev  0x0000000000000a97      0x245 Drivers/STM32G4xx_HAL_Driver/Src/stm32g4xx_hal_rcc.o
 .debug_abbrev  0x0000000000000cdc      0x204 Drivers/STM32G4xx_HAL_Driver/Src/stm32g4xx_hal_rcc_ex.o
 .debug_abbrev  0x0000000000000ee0      0x256 Src/main.o
 .debug_abbrev  0x0000000000001136      0x18c Src/stm32g4xx_hal_msp.o
 .debug_abbrev  0x00000000000012c2      0x142 Src/stm32g4xx_it.o
 .debug_abbrev  0x0000000000001404      0x147 Src/system_stm32g4xx.o
 .debug_abbrev  0x000000000000154b       0x12 Startup/startup_stm32g474retx.o

.debug_aranges  0x0000000000000000      0x8e0
 .debug_aranges
                0x0000000000000000      0x130 Drivers/STM32G4xx_HAL_Driver/Src/stm32g4xx_hal.o
 .debug_aranges
                0x0000000000000130      0x118 Drivers/STM32G4xx_HAL_Driver/Src/stm32g4xx_hal_cortex.o
 .debug_aranges
                0x0000000000000248      0x278 Drivers/STM32G4xx_HAL_Driver/Src/stm32g4xx_hal_fdcan.o
 .debug_aranges
                0x00000000000004c0       0x58 Drivers/STM32G4xx_HAL_Driver/Src/stm32g4xx_hal_gpio.o
 .debug_aranges
                0x0000000000000518      0x140 Drivers/STM32G4xx_HAL_Driver/Src/stm32g4xx_hal_pwr_ex.o
 .debug_aranges
                0x0000000000000658       0x98 Drivers/STM32G4xx_HAL_Driver/Src/stm32g4xx_hal_rcc.o
 .debug_aranges
                0x00000000000006f0       0xb0 Drivers/STM32G4xx_HAL_Driver/Src/stm32g4xx_hal_rcc_ex.o
 .debug_aranges
                0x00000000000007a0       0x48 Src/main.o
 .debug_aranges
                0x00000000000007e8       0x38 Src/stm32g4xx_hal_msp.o
 .debug_aranges
                0x0000000000000820       0x70 Src/stm32g4xx_it.o
 .debug_aranges
                0x0000000000000890       0x28 Src/system_stm32g4xx.o
 .debug_aranges
                0x00000000000008b8       0x28 Startup/startup_stm32g474retx.o

.debug_ranges   0x0000000000000000      0x828
 .debug_ranges  0x0000000000000000      0x120 Drivers/STM32G4xx_HAL_Driver/Src/stm32g4xx_hal.o
 .debug_ranges  0x0000000000000120      0x108 Drivers/STM32G4xx_HAL_Driver/Src/stm32g4xx_hal_cortex.o
 .debug_ranges  0x0000000000000228      0x268 Drivers/STM32G4xx_HAL_Driver/Src/stm32g4xx_hal_fdcan.o
 .debug_ranges  0x0000000000000490       0x48 Drivers/STM32G4xx_HAL_Driver/Src/stm32g4xx_hal_gpio.o
 .debug_ranges  0x00000000000004d8      0x130 Drivers/STM32G4xx_HAL_Driver/Src/stm32g4xx_hal_pwr_ex.o
 .debug_ranges  0x0000000000000608       0x88 Drivers/STM32G4xx_HAL_Driver/Src/stm32g4xx_hal_rcc.o
 .debug_ranges  0x0000000000000690       0xa0 Drivers/STM32G4xx_HAL_Driver/Src/stm32g4xx_hal_rcc_ex.o
 .debug_ranges  0x0000000000000730       0x38 Src/main.o
 .debug_ranges  0x0000000000000768       0x28 Src/stm32g4xx_hal_msp.o
 .debug_ranges  0x0000000000000790       0x60 Src/stm32g4xx_it.o
 .debug_ranges  0x00000000000007f0       0x18 Src/system_stm32g4xx.o
 .debug_ranges  0x0000000000000808       0x20 Startup/startup_stm32g474retx.o

.debug_macro    0x0000000000000000    0x24376
 .debug_macro   0x0000000000000000      0x1fe Drivers/STM32G4xx_HAL_Driver/Src/stm32g4xx_hal.o
 .debug_macro   0x00000000000001fe      0xa5a Drivers/STM32G4xx_HAL_Driver/Src/stm32g4xx_hal.o
 .debug_macro   0x0000000000000c58      0x155 Drivers/STM32G4xx_HAL_Driver/Src/stm32g4xx_hal.o
 .debug_macro   0x0000000000000dad       0x2e Drivers/STM32G4xx_HAL_Driver/Src/stm32g4xx_hal.o
 .debug_macro   0x0000000000000ddb       0x28 Drivers/STM32G4xx_HAL_Driver/Src/stm32g4xx_hal.o
 .debug_macro   0x0000000000000e03       0x22 Drivers/STM32G4xx_HAL_Driver/Src/stm32g4xx_hal.o
 .debug_macro   0x0000000000000e25       0x8e Drivers/STM32G4xx_HAL_Driver/Src/stm32g4xx_hal.o
 .debug_macro   0x0000000000000eb3       0x51 Drivers/STM32G4xx_HAL_Driver/Src/stm32g4xx_hal.o
 .debug_macro   0x0000000000000f04       0xef Drivers/STM32G4xx_HAL_Driver/Src/stm32g4xx_hal.o
 .debug_macro   0x0000000000000ff3       0x6a Drivers/STM32G4xx_HAL_Driver/Src/stm32g4xx_hal.o
 .debug_macro   0x000000000000105d      0x1df Drivers/STM32G4xx_HAL_Driver/Src/stm32g4xx_hal.o
 .debug_macro   0x000000000000123c       0x1c Drivers/STM32G4xx_HAL_Driver/Src/stm32g4xx_hal.o
 .debug_macro   0x0000000000001258       0x22 Drivers/STM32G4xx_HAL_Driver/Src/stm32g4xx_hal.o
 .debug_macro   0x000000000000127a       0xdf Drivers/STM32G4xx_HAL_Driver/Src/stm32g4xx_hal.o
 .debug_macro   0x0000000000001359     0x102d Drivers/STM32G4xx_HAL_Driver/Src/stm32g4xx_hal.o
 .debug_macro   0x0000000000002386      0x11f Drivers/STM32G4xx_HAL_Driver/Src/stm32g4xx_hal.o
 .debug_macro   0x00000000000024a5    0x185f0 Drivers/STM32G4xx_HAL_Driver/Src/stm32g4xx_hal.o
 .debug_macro   0x000000000001aa95       0x43 Drivers/STM32G4xx_HAL_Driver/Src/stm32g4xx_hal.o
 .debug_macro   0x000000000001aad8     0x34d1 Drivers/STM32G4xx_HAL_Driver/Src/stm32g4xx_hal.o
 .debug_macro   0x000000000001dfa9      0x174 Drivers/STM32G4xx_HAL_Driver/Src/stm32g4xx_hal.o
 .debug_macro   0x000000000001e11d       0x5a Drivers/STM32G4xx_HAL_Driver/Src/stm32g4xx_hal.o
 .debug_macro   0x000000000001e177     0x16e0 Drivers/STM32G4xx_HAL_Driver/Src/stm32g4xx_hal.o
 .debug_macro   0x000000000001f857      0x600 Drivers/STM32G4xx_HAL_Driver/Src/stm32g4xx_hal.o
 .debug_macro   0x000000000001fe57      0x137 Drivers/STM32G4xx_HAL_Driver/Src/stm32g4xx_hal.o
 .debug_macro   0x000000000001ff8e      0x34b Drivers/STM32G4xx_HAL_Driver/Src/stm32g4xx_hal.o
 .debug_macro   0x00000000000202d9      0x53c Drivers/STM32G4xx_HAL_Driver/Src/stm32g4xx_hal.o
 .debug_macro   0x0000000000020815      0x18b Drivers/STM32G4xx_HAL_Driver/Src/stm32g4xx_hal.o
 .debug_macro   0x00000000000209a0       0x43 Drivers/STM32G4xx_HAL_Driver/Src/stm32g4xx_hal.o
 .debug_macro   0x00000000000209e3      0x23d Drivers/STM32G4xx_HAL_Driver/Src/stm32g4xx_hal.o
 .debug_macro   0x0000000000020c20      0x212 Drivers/STM32G4xx_HAL_Driver/Src/stm32g4xx_hal.o
 .debug_macro   0x0000000000020e32      0x6b6 Drivers/STM32G4xx_HAL_Driver/Src/stm32g4xx_hal.o
 .debug_macro   0x00000000000214e8      0x45c Drivers/STM32G4xx_HAL_Driver/Src/stm32g4xx_hal.o
 .debug_macro   0x0000000000021944      0x11c Drivers/STM32G4xx_HAL_Driver/Src/stm32g4xx_hal.o
 .debug_macro   0x0000000000021a60      0x122 Drivers/STM32G4xx_HAL_Driver/Src/stm32g4xx_hal.o
 .debug_macro   0x0000000000021b82      0x3d1 Drivers/STM32G4xx_HAL_Driver/Src/stm32g4xx_hal.o
 .debug_macro   0x0000000000021f53      0x359 Drivers/STM32G4xx_HAL_Driver/Src/stm32g4xx_hal.o
 .debug_macro   0x00000000000222ac      0x1b0 Drivers/STM32G4xx_HAL_Driver/Src/stm32g4xx_hal_cortex.o
 .debug_macro   0x000000000002245c      0x2c2 Drivers/STM32G4xx_HAL_Driver/Src/stm32g4xx_hal_fdcan.o
 .debug_macro   0x000000000002271e      0x1e8 Drivers/STM32G4xx_HAL_Driver/Src/stm32g4xx_hal_gpio.o
 .debug_macro   0x0000000000022906      0x1da Drivers/STM32G4xx_HAL_Driver/Src/stm32g4xx_hal_pwr_ex.o
 .debug_macro   0x0000000000022ae0      0x1ec Drivers/STM32G4xx_HAL_Driver/Src/stm32g4xx_hal_rcc.o
 .debug_macro   0x0000000000022ccc      0x1da Drivers/STM32G4xx_HAL_Driver/Src/stm32g4xx_hal_rcc_ex.o
 .debug_macro   0x0000000000022ea6      0x319 Src/main.o
 .debug_macro   0x00000000000231bf      0x20e Src/main.o
 .debug_macro   0x00000000000233cd       0x46 Src/main.o
 .debug_macro   0x0000000000023413       0x18 Src/main.o
 .debug_macro   0x000000000002342b       0x3c Src/main.o
 .debug_macro   0x0000000000023467       0x34 Src/main.o
 .debug_macro   0x000000000002349b       0x16 Src/main.o
 .debug_macro   0x00000000000234b1       0x35 Src/main.o
 .debug_macro   0x00000000000234e6      0x32a Src/main.o
 .debug_macro   0x0000000000023810       0x10 Src/main.o
 .debug_macro   0x0000000000023820       0x52 Src/main.o
 .debug_macro   0x0000000000023872       0x1f Src/main.o
 .debug_macro   0x0000000000023891       0x43 Src/main.o
 .debug_macro   0x00000000000238d4       0x20 Src/main.o
 .debug_macro   0x00000000000238f4      0x1a3 Src/main.o
 .debug_macro   0x0000000000023a97       0x10 Src/main.o
 .debug_macro   0x0000000000023aa7       0x1c Src/main.o
 .debug_macro   0x0000000000023ac3       0x52 Src/main.o
 .debug_macro   0x0000000000023b15       0x40 Src/main.o
 .debug_macro   0x0000000000023b55       0x10 Src/main.o
 .debug_macro   0x0000000000023b65       0x40 Src/main.o
 .debug_macro   0x0000000000023ba5       0xd7 Src/main.o
 .debug_macro   0x0000000000023c7c       0x1c Src/main.o
 .debug_macro   0x0000000000023c98       0x3d Src/main.o
 .debug_macro   0x0000000000023cd5       0x16 Src/main.o
 .debug_macro   0x0000000000023ceb      0x145 Src/main.o
 .debug_macro   0x0000000000023e30      0x1c3 Src/stm32g4xx_hal_msp.o
 .debug_macro   0x0000000000023ff3      0x1cd Src/stm32g4xx_it.o
 .debug_macro   0x00000000000241c0      0x1b6 Src/system_stm32g4xx.o

.debug_line     0x0000000000000000     0x68c5
 .debug_line    0x0000000000000000      0x92c Drivers/STM32G4xx_HAL_Driver/Src/stm32g4xx_hal.o
 .debug_line    0x000000000000092c      0x9b2 Drivers/STM32G4xx_HAL_Driver/Src/stm32g4xx_hal_cortex.o
 .debug_line    0x00000000000012de     0x1021 Drivers/STM32G4xx_HAL_Driver/Src/stm32g4xx_hal_fdcan.o
 .debug_line    0x00000000000022ff      0x830 Drivers/STM32G4xx_HAL_Driver/Src/stm32g4xx_hal_gpio.o
 .debug_line    0x0000000000002b2f      0xa17 Drivers/STM32G4xx_HAL_Driver/Src/stm32g4xx_hal_pwr_ex.o
 .debug_line    0x0000000000003546      0x96b Drivers/STM32G4xx_HAL_Driver/Src/stm32g4xx_hal_rcc.o
 .debug_line    0x0000000000003eb1      0xba5 Drivers/STM32G4xx_HAL_Driver/Src/stm32g4xx_hal_rcc_ex.o
 .debug_line    0x0000000000004a56      0x8fa Src/main.o
 .debug_line    0x0000000000005350      0x6eb Src/stm32g4xx_hal_msp.o
 .debug_line    0x0000000000005a3b      0x765 Src/stm32g4xx_it.o
 .debug_line    0x00000000000061a0      0x6a1 Src/system_stm32g4xx.o
 .debug_line    0x0000000000006841       0x84 Startup/startup_stm32g474retx.o

.debug_str      0x0000000000000000    0xe6564
 .debug_str     0x0000000000000000    0xde66b Drivers/STM32G4xx_HAL_Driver/Src/stm32g4xx_hal.o
                                      0xdea99 (size before relaxing)
 .debug_str     0x00000000000de66b      0x3f7 Drivers/STM32G4xx_HAL_Driver/Src/stm32g4xx_hal_cortex.o
                                      0xde7a0 (size before relaxing)
 .debug_str     0x00000000000dea62     0x1a47 Drivers/STM32G4xx_HAL_Driver/Src/stm32g4xx_hal_fdcan.o
                                      0xdf878 (size before relaxing)
 .debug_str     0x00000000000e04a9      0x29c Drivers/STM32G4xx_HAL_Driver/Src/stm32g4xx_hal_gpio.o
                                      0xde075 (size before relaxing)
 .debug_str     0x00000000000e0745      0x4d6 Drivers/STM32G4xx_HAL_Driver/Src/stm32g4xx_hal_pwr_ex.o
                                      0xde2eb (size before relaxing)
 .debug_str     0x00000000000e0c1b      0x50b Drivers/STM32G4xx_HAL_Driver/Src/stm32g4xx_hal_rcc.o
                                      0xde3a7 (size before relaxing)
 .debug_str     0x00000000000e1126      0x5c8 Drivers/STM32G4xx_HAL_Driver/Src/stm32g4xx_hal_rcc_ex.o
                                      0xde4e9 (size before relaxing)
 .debug_str     0x00000000000e16ee     0x4cf4 Src/main.o
                                      0xe32ba (size before relaxing)
 .debug_str     0x00000000000e63e2       0x1b Src/stm32g4xx_hal_msp.o
                                      0xdf4f7 (size before relaxing)
 .debug_str     0x00000000000e63fd       0xe4 Src/stm32g4xx_it.o
                                      0xded47 (size before relaxing)
 .debug_str     0x00000000000e64e1       0x52 Src/system_stm32g4xx.o
                                      0xdde03 (size before relaxing)
 .debug_str     0x00000000000e6533       0x31 Startup/startup_stm32g474retx.o
                                         0x54 (size before relaxing)

.comment        0x0000000000000000       0x7b
 .comment       0x0000000000000000       0x7b Drivers/STM32G4xx_HAL_Driver/Src/stm32g4xx_hal.o
                                         0x7c (size before relaxing)
 .comment       0x000000000000007b       0x7c Drivers/STM32G4xx_HAL_Driver/Src/stm32g4xx_hal_cortex.o
 .comment       0x000000000000007b       0x7c Drivers/STM32G4xx_HAL_Driver/Src/stm32g4xx_hal_fdcan.o
 .comment       0x000000000000007b       0x7c Drivers/STM32G4xx_HAL_Driver/Src/stm32g4xx_hal_gpio.o
 .comment       0x000000000000007b       0x7c Drivers/STM32G4xx_HAL_Driver/Src/stm32g4xx_hal_pwr_ex.o
 .comment       0x000000000000007b       0x7c Drivers/STM32G4xx_HAL_Driver/Src/stm32g4xx_hal_rcc.o
 .comment       0x000000000000007b       0x7c Drivers/STM32G4xx_HAL_Driver/Src/stm32g4xx_hal_rcc_ex.o
 .comment       0x000000000000007b       0x7c Src/main.o
 .comment       0x000000000000007b       0x7c Src/stm32g4xx_hal_msp.o
 .comment       0x000000000000007b       0x7c Src/stm32g4xx_it.o
 .comment       0x000000000000007b       0x7c Src/system_stm32g4xx.o

.debug_frame    0x0000000000000000     0x23ac
 .debug_frame   0x0000000000000000      0x4a0 Drivers/STM32G4xx_HAL_Driver/Src/stm32g4xx_hal.o
 .debug_frame   0x00000000000004a0      0x498 Drivers/STM32G4xx_HAL_Driver/Src/stm32g4xx_hal_cortex.o
 .debug_frame   0x0000000000000938      0xbe0 Drivers/STM32G4xx_HAL_Driver/Src/stm32g4xx_hal_fdcan.o
 .debug_frame   0x0000000000001518      0x14c Drivers/STM32G4xx_HAL_Driver/Src/stm32g4xx_hal_gpio.o
 .debug_frame   0x0000000000001664      0x4fc Drivers/STM32G4xx_HAL_Driver/Src/stm32g4xx_hal_pwr_ex.o
 .debug_frame   0x0000000000001b60      0x23c Drivers/STM32G4xx_HAL_Driver/Src/stm32g4xx_hal_rcc.o
 .debug_frame   0x0000000000001d9c      0x2ac Drivers/STM32G4xx_HAL_Driver/Src/stm32g4xx_hal_rcc_ex.o
 .debug_frame   0x0000000000002048       0xe0 Src/main.o
 .debug_frame   0x0000000000002128       0x9c Src/stm32g4xx_hal_msp.o
 .debug_frame   0x00000000000021c4      0x144 Src/stm32g4xx_it.o
 .debug_frame   0x0000000000002308       0x58 Src/system_stm32g4xx.o
 .debug_frame   0x0000000000002360       0x2c c:/st/stm32cubeide_1.3.0/stm32cubeide/plugins/com.st.stm32cube.ide.mcu.externaltools.gnu-tools-for-stm32.7-2018-q2-update.win32_1.0.0.201904181610/tools/bin/../lib/gcc/arm-none-eabi/7.3.1/../../../../arm-none-eabi/lib/thumb/v7e-m/fpv4-sp/hard\libc_nano.a(lib_a-init.o)
 .debug_frame   0x000000000000238c       0x20 c:/st/stm32cubeide_1.3.0/stm32cubeide/plugins/com.st.stm32cube.ide.mcu.externaltools.gnu-tools-for-stm32.7-2018-q2-update.win32_1.0.0.201904181610/tools/bin/../lib/gcc/arm-none-eabi/7.3.1/../../../../arm-none-eabi/lib/thumb/v7e-m/fpv4-sp/hard\libc_nano.a(lib_a-memset.o)
